
> cardistry-astro@1.1.0 format
> prettier --write src scripts tests *.mjs *.json *.md .prettierrc.json

src/components/ArticleGrid.astro 162ms (unchanged)
src/components/CardPreview.astro 66ms (unchanged)
src/components/ClosingCTA.astro 9ms (unchanged)
src/components/FaqList.astro 23ms (unchanged)
src/components/Footer.astro 24ms (unchanged)
src/components/Header.astro 23ms (unchanged)
src/components/home/Benefits.astro 9ms (unchanged)
src/components/home/Collection.astro 26ms (unchanged)
src/components/home/Difference.astro 12ms (unchanged)
src/components/home/FaqPreview.astro 16ms (unchanged)
src/components/home/Hero.astro 23ms (unchanged)
src/components/home/Journal.astro 10ms (unchanged)
src/components/home/Statement.astro 8ms (unchanged)
src/components/NfcComparison.astro 13ms (unchanged)
src/components/OfflineDemo.astro 28ms (unchanged)
src/components/PageHero.astro 26ms (unchanged)
src/components/PrintOptions.astro 12ms (unchanged)
src/components/QuoteForm.astro 33ms (unchanged)
src/content.config.ts 118ms (unchanged)
src/content/articles/artwork-checklist.md 114ms (unchanged)
src/content/articles/nfc-or-qr.md 26ms (unchanged)
src/content/articles/offline-nfc-explained.md 31ms (unchanged)
src/data/faqs.ts 32ms (unchanged)
src/data/site.ts 37ms (unchanged)
src/layouts/ArticleLayout.astro 17ms (unchanged)
src/layouts/BaseLayout.astro 44ms (unchanged)
src/pages/about.astro 17ms (unchanged)
src/pages/articles/[slug].astro 21ms (unchanged)
src/pages/articles/index.astro 9ms (unchanged)
src/pages/contact.astro 16ms (unchanged)
src/pages/design-support.astro 26ms (unchanged)
src/pages/faq.astro 27ms (unchanged)
src/pages/index.astro 7ms (unchanged)
src/pages/nfc-business-cards.astro 6ms (unchanged)
src/pages/pvc-business-cards.astro 13ms (unchanged)
src/pages/sitemap.xml.ts 37ms (unchanged)
src/scripts/card-preview.ts 28ms (unchanged)
src/scripts/card-tilt.ts 33ms (unchanged)
src/scripts/faq-search.ts 40ms (unchanged)
src/scripts/navigation.ts 25ms (unchanged)
src/scripts/offline-demo.ts 40ms (unchanged)
src/scripts/quote-form.ts 37ms (unchanged)
src/styles/articles.css 91ms (unchanged)
src/styles/base.css 67ms (unchanged)
src/styles/closing.css 22ms (unchanged)
src/styles/collection.css 38ms (unchanged)
src/styles/experience.css 55ms (unchanged)
src/styles/faq.css 15ms (unchanged)
src/styles/footer.css 15ms (unchanged)
src/styles/global.css 6ms (unchanged)
src/styles/hero.css 103ms (unchanged)
src/styles/motion.css 12ms (unchanged)
src/styles/navigation.css 30ms (unchanged)
src/styles/pages.css 116ms (unchanged)
src/styles/responsive-mobile.css 90ms (unchanged)
src/styles/responsive-wide.css 79ms (unchanged)
src/styles/sections.css 12ms (unchanged)
src/styles/tokens.css 7ms (unchanged)
scripts/format-deployment.mjs 30ms (unchanged)
tests/content-regression.mjs 20ms
tests/qa.mjs 120ms (unchanged)
tests/structure.mjs 38ms (unchanged)
astro.config.mjs 7ms (unchanged)
package.json 8ms (unchanged)
tsconfig.json 3ms (unchanged)
README.md 209ms (unchanged)
.prettierrc.json 3ms (unchanged)

> cardistry-astro@1.1.0 format:check
> prettier --check src scripts tests *.mjs *.json *.md .prettierrc.json

Checking formatting...
All matched files use Prettier code style!

> cardistry-astro@1.1.0 check
> astro check

06:37:51 [content] Syncing content
06:37:51 [content] Synced content
06:37:51 [types] Generated 1.91s
06:37:51 [check] Getting diagnostics for Astro files in /home/bull3t-hermes/.hermes/outputs/cardistry-astro...
Result (45 files): 
- 0 errors
- 0 warnings
- 0 hints


> cardistry-astro@1.1.0 build
> astro build && node scripts/format-deployment.mjs

06:38:08 [content] Syncing content
06:38:08 [content] Synced content
06:38:08 [types] Generated 1.57s
06:38:08 [build] output: "static"
06:38:08 [build] mode: "static"
06:38:08 [build] directory: /home/bull3t-hermes/.hermes/outputs/cardistry-astro/dist/
06:38:08 [build] Collecting build info...
06:38:08 [build] ✓ Completed in 1.72s.
06:38:08 [build] Building static entrypoints...
06:38:09 [vite] ✓ built in 933ms
06:38:09 [vite] ✓ built in 89ms
06:38:09 [build] Rearranging server assets...

 generating static routes 
06:38:09   ├─ /about/index.html (+27ms) 
06:38:09   ├─ /articles/artwork-checklist/index.html (+8ms) 
06:38:09   ├─ /articles/nfc-or-qr/index.html (+5ms) 
06:38:09   ├─ /articles/offline-nfc-explained/index.html (+4ms) 
06:38:09   ├─ /articles/index.html (+14ms) 
06:38:09   ├─ /contact/index.html (+6ms) 
06:38:09   ├─ /design-support/index.html (+6ms) 
06:38:09   ├─ /faq/index.html (+13ms) 
06:38:09   ├─ /nfc-business-cards/index.html (+11ms) 
06:38:09   ├─ /pvc-business-cards/index.html (+7ms) 
06:38:09   ├─ /sitemap.xml (+5ms) 
06:38:09   ├─ /index.html (+7ms) 
06:38:09 ✓ Completed in 164ms.

06:38:09 [build] ✓ Completed in 1.28s.
06:38:09 [build] 11 page(s) built in 3.02s
06:38:09 [build] Complete!
Readable deployment files: { html: 11, css: 1, js: 6 }

> cardistry-astro@1.1.0 test
> node tests/qa.mjs

{
  "routes": 11,
  "responsiveChecks": 44,
  "internalTargets": 12,
  "jsErrors": [],
  "violations": [],
  "interactions": "passed"
}

> cardistry-astro@1.1.0 test:content
> node tests/content-regression.mjs

Visible content preserved across 11 routes.

> cardistry-astro@1.1.0 test:structure
> node tests/structure.mjs

{
  "status": "passed",
  "htmlPages": 11,
  "astroFiles": 29,
  "markdownArticles": 3,
  "requiredFiles": 23,
  "deploymentFiles": [
    {
      "path": "dist/_astro/BaseLayout.CTfkVaZ8.css",
      "lines": 2000,
      "sha256": "11ab0ac0e47fead3af21c03a0071991f070f18a1d6e39ec5c5c99051cd7b5f7e"
    },
    {
      "path": "dist/_astro/CardPreview.astro_astro_type_script_index_0_lang.4XwDrqwK.js",
      "lines": 18,
      "sha256": "55da10782101febceb4f52469a00c5c4baaa6ae5e231ca6ece0dc4261b651efd"
    },
    {
      "path": "dist/_astro/Header.astro_astro_type_script_index_0_lang.DLUWjAmL.js",
      "lines": 15,
      "sha256": "7e3d1edb34226f99a48b9e5aecde01fe3057d118e55d9405a5aa7c2396f6e15a"
    },
    {
      "path": "dist/_astro/Hero.astro_astro_type_script_index_0_lang.DghFv70O.js",
      "lines": 15,
      "sha256": "1978b48e53c694d39945a82f4b8a3b94860987d8a3bb2c60f32f56186096f9e3"
    },
    {
      "path": "dist/_astro/OfflineDemo.astro_astro_type_script_index_0_lang.DcQKOWQf.js",
      "lines": 20,
      "sha256": "59eddec949c1b712928f7f4af81932d0bc66b06cda357e82106ae81c30fa3207"
    },
    {
      "path": "dist/_astro/QuoteForm.astro_astro_type_script_index_0_lang.Cs1a-e4H.js",
      "lines": 53,
      "sha256": "8ffb093e0717470bc603049a22e897a8137024dcd37d6295e328b6371cc7a897"
    },
    {
      "path": "dist/_astro/faq.astro_astro_type_script_index_0_lang.CPNUk36S.js",
      "lines": 14,
      "sha256": "337a0215f4880bc179b93a97bf541a66f924c4cb2058d2ae2cacb79d6068c6bb"
    },
    {
      "path": "dist/about/index.html",
      "lines": 167,
      "sha256": "012514efeafc4f1c421beb0e58fc30984d2d782b3369837f701bfe56bd70c631"
    },
    {
      "path": "dist/articles/artwork-checklist/index.html",
      "lines": 146,
      "sha256": "b57bf7ea294f839a8c51ac04dbcb5e758ea5a862c4150b72439f46427e1004fa"
    },
    {
      "path": "dist/articles/index.html",
      "lines": 138,
      "sha256": "d2871b6c1579d5f4ff3e1ebd2a91cb39ca6f6e7881145973124eff3527865ebd"
    },
    {
      "path": "dist/articles/nfc-or-qr/index.html",
      "lines": 142,
      "sha256": "fb4ada5360f7f5e4eac6bf4c7ef71a6df8374198bb38567c21d90e0c723df8ec"
    },
    {
      "path": "dist/articles/offline-nfc-explained/index.html",
      "lines": 150,
      "sha256": "8ba155b4d47dd5d87bb6a366875297f7449ef429fc580e1e51a4898227e6ccc1"
    },
    {
      "path": "dist/contact/index.html",
      "lines": 201,
      "sha256": "9536e9b7ff49d9dc5f0c5624791a6114825f5200c189396ae0f409214f5d1009"
    },
    {
      "path": "dist/design-support/index.html",
      "lines": 176,
      "sha256": "c003e5d2db1457e05349cf9c52bd26c5badaec826c3dfbf3b6287f8ba70e89a2"
    },
    {
      "path": "dist/faq/index.html",
      "lines": 246,
      "sha256": "df0c256179c632cf8d677326d913bd0e245ba3039314f9b5646bd0017785ba7b"
    },
    {
      "path": "dist/index.html",
      "lines": 446,
      "sha256": "f76a7a6c3b197f9066bd5d88767ea64c80e549e0473ba9c99bc50473b496d057"
    },
    {
      "path": "dist/nfc-business-cards/index.html",
      "lines": 248,
      "sha256": "a5b638aecd2e84c8454d2edbcdf28618ea0eca0cb3f09a4e5c41babdec224442"
    },
    {
      "path": "dist/pvc-business-cards/index.html",
      "lines": 213,
      "sha256": "be43dbd1a1bd578d3509ca4d5678ad4e09eca019c4be6d557f1d18c00d6de51d"
    }
  ]
}
found 0 vulnerabilities
